TAP version 13
# Subtest: renders paragraphs, bold text and both list types
ok 1 - renders paragraphs, bold text and both list types
  ---
  duration_ms: 15.843347
  type: 'test'
  ...
# Subtest: routes existing TSS enquiry and opportunity links directly to Kiti
ok 2 - routes existing TSS enquiry and opportunity links directly to Kiti
  ---
  duration_ms: 17.54296
  type: 'test'
  ...
# Subtest: preserves external destinations and uses safe new-tab attributes
ok 3 - preserves external destinations and uses safe new-tab attributes
  ---
  duration_ms: 5.35004
  type: 'test'
  ...
# Subtest: keeps trailing punctuation outside bare links but retains balanced parentheses
ok 4 - keeps trailing punctuation outside bare links but retains balanced parentheses
  ---
  duration_ms: 2.252302
  type: 'test'
  ...
# Subtest: HTML and unsafe link protocols remain inert text
ok 5 - HTML and unsafe link protocols remain inert text
  ---
  duration_ms: 1.474898
  type: 'test'
  ...
# Subtest: link labels can have bold text but cannot inject tags or nested links
ok 6 - link labels can have bold text but cannot inject tags or nested links
  ---
  duration_ms: 2.168796
  type: 'test'
  ...
# Subtest: does not classify lookalike domains as TSS or accept credential URLs
ok 7 - does not classify lookalike domains as TSS or accept credential URLs
  ---
  duration_ms: 1.217758
  type: 'test'
  ...
# Subtest: actual message renderer formats assistant responses and keeps visitor text literal
ok 8 - actual message renderer formats assistant responses and keeps visitor text literal
  ---
  duration_ms: 3.004931
  type: 'test'
  ...
# Subtest: assistant lead receipt cannot turn a backend reference into HTML
ok 9 - assistant lead receipt cannot turn a backend reference into HTML
  ---
  duration_ms: 5.820228
  type: 'test'
  ...
# Subtest: AS-01 native gateway rejects unauthenticated requests before data access
ok 10 - AS-01 native gateway rejects unauthenticated requests before data access
  ---
  duration_ms: 33.871757
  type: 'test'
  ...
# Subtest: AS-02 exact approval required; successful replay cannot dispatch twice
ok 11 - AS-02 exact approval required; successful replay cannot dispatch twice
  ---
  duration_ms: 28.51934
  type: 'test'
  ...
# Subtest: AS-03 durable ledger survives a fresh process context
ok 12 - AS-03 durable ledger survives a fresh process context
  ---
  duration_ms: 17.636853
  type: 'test'
  ...
# Subtest: AS-04 changed record blocks execution without dispatch
ok 13 - AS-04 changed record blocks execution without dispatch
  ---
  duration_ms: 9.76527
  type: 'test'
  ...
# Subtest: AS-05 rejection cannot be executed or approved again
ok 14 - AS-05 rejection cannot be executed or approved again
  ---
  duration_ms: 23.953933
  type: 'test'
  ...
# Subtest: AS-06 uncertain outcome persists and cannot be retried
ok 15 - AS-06 uncertain outcome persists and cannot be retried
  ---
  duration_ms: 31.171161
  type: 'test'
  ...
# Subtest: AS-07 unsupported operations and protected fields are denied
ok 16 - AS-07 unsupported operations and protected fields are denied
  ---
  duration_ms: 11.00635
  type: 'test'
  ...
# Subtest: AS-08 audit excludes raw fields and session credentials
ok 17 - AS-08 audit excludes raw fields and session credentials
  ---
  duration_ms: 8.800367
  type: 'test'
  ...
# Subtest: AS-09 corrupted ledger fails closed
ok 18 - AS-09 corrupted ledger fails closed
  ---
  duration_ms: 17.052878
  type: 'test'
  ...
# Subtest: AS-10 duplicate backend brief event produces one report and journal result
ok 19 - AS-10 duplicate backend brief event produces one report and journal result
  ---
  duration_ms: 11.956601
  type: 'test'
  ...
# Subtest: AS-11 expired approval cannot execute
ok 20 - AS-11 expired approval cannot execute
  ---
  duration_ms: 9.658088
  type: 'test'
  ...
# Subtest: AS-12 native event duplicate remains deduplicated after runtime restart
ok 21 - AS-12 native event duplicate remains deduplicated after runtime restart
  ---
  duration_ms: 17.751065
  type: 'test'
  ...
# Subtest: AS-13 native stale, future, deleted and changed events never prepare
ok 22 - AS-13 native stale, future, deleted and changed events never prepare
  ---
  duration_ms: 45.675389
  type: 'test'
  ...
# Subtest: AS-14 native events reject conflicting IDs, unknown types and missing policy
ok 23 - AS-14 native events reject conflicting IDs, unknown types and missing policy
  ---
  duration_ms: 33.931385
  type: 'test'
  ...
# Subtest: AS-15 native failed downstream obeys retry time and bounded attempts
ok 24 - AS-15 native failed downstream obeys retry time and bounded attempts
  ---
  duration_ms: 9.73897
  type: 'test'
  ...
# Subtest: AS-16 native observer remains disabled without live phase gates
ok 25 - AS-16 native observer remains disabled without live phase gates
  ---
  duration_ms: 5.979523
  type: 'test'
  ...
# Subtest: CTX-01 message date alone does not establish ingestion success
ok 26 - CTX-01 message date alone does not establish ingestion success
  ---
  duration_ms: 13.778351
  type: 'test'
  ...
# Subtest: CTX-02 notifications deduplicate exact action state and flag expired approval
ok 27 - CTX-02 notifications deduplicate exact action state and flag expired approval
  ---
  duration_ms: 1.820667
  type: 'test'
  ...
# Subtest: CTX-03 Manager reads actual approval service and preserves unavailable state
ok 28 - CTX-03 Manager reads actual approval service and preserves unavailable state
  ---
  duration_ms: 17.259158
  type: 'test'
  ...
# Subtest: CTX-04 daily and weekly combine growth communications content and approvals
ok 29 - CTX-04 daily and weekly combine growth communications content and approvals
  ---
  duration_ms: 162.382649
  type: 'test'
  ...
# Subtest: P1-01 exact normalized company lookup
ok 30 - P1-01 exact normalized company lookup
  ---
  duration_ms: 23.615746
  type: 'test'
  ...
# Subtest: P1-02 exact ID lookup
ok 31 - P1-02 exact ID lookup
  ---
  duration_ms: 1.456814
  type: 'test'
  ...
# Subtest: P1-03 ambiguous name cannot choose a record
ok 32 - P1-03 ambiguous name cannot choose a record
  ---
  duration_ms: 1.377172
  type: 'test'
  ...
# Subtest: P1-04 unknown name cannot guess
ok 33 - P1-04 unknown name cannot guess
  ---
  duration_ms: 1.306898
  type: 'test'
  ...
# Subtest: P1-05 overdue task uses Cyprus date
ok 34 - P1-05 overdue task uses Cyprus date
  ---
  duration_ms: 149.253227
  type: 'test'
  ...
# Subtest: P1-06 missing next action
ok 35 - P1-06 missing next action
  ---
  duration_ms: 2.03768
  type: 'test'
  ...
# Subtest: P1-07 dormant opportunity uses configured 10 days
ok 36 - P1-07 dormant opportunity uses configured 10 days
  ---
  duration_ms: 3.233443
  type: 'test'
  ...
# Subtest: P1-08 duplicate candidates never merge
ok 37 - P1-08 duplicate candidates never merge
  ---
  duration_ms: 2.488993
  type: 'test'
  ...
# Subtest: P1-09 incomplete company
ok 38 - P1-09 incomplete company
  ---
  duration_ms: 1.892829
  type: 'test'
  ...
# Subtest: P1-10 existing custom values preserved
ok 39 - P1-10 existing custom values preserved
  ---
  duration_ms: 2.875047
  type: 'test'
  ...
# Subtest: P1-11 dossier has available communications
ok 40 - P1-11 dossier has available communications
  ---
  duration_ms: 2.030068
  type: 'test'
  ...
# Subtest: P1-12 missing history not called empty
ok 41 - P1-12 missing history not called empty
  ---
  duration_ms: 2.100656
  type: 'test'
  ...
# Subtest: P1-13 unauthorized proposal rejected
ok 42 - P1-13 unauthorized proposal rejected
  ---
  duration_ms: 9.22932
  type: 'test'
  ...
# Subtest: P1-14 record changes after approval rejected
ok 43 - P1-14 record changes after approval rejected
  ---
  duration_ms: 11.34817
  type: 'test'
  ...
# Subtest: P1-15 partial data retains limitations
ok 44 - P1-15 partial data retains limitations
  ---
  duration_ms: 4.911985
  type: 'test'
  ...
# Subtest: P1-16 Manager routes exact dossier without model guessing
ok 45 - P1-16 Manager routes exact dossier without model guessing
  ---
  duration_ms: 3.182861
  type: 'test'
  ...
# Subtest: P2-01 already contacted is held
ok 46 - P2-01 already contacted is held
  ---
  duration_ms: 13.525702
  type: 'test'
  ...
# Subtest: P2-02 suppressed prospect cannot draft
ok 47 - P2-02 suppressed prospect cannot draft
  ---
  duration_ms: 3.415535
  type: 'test'
  ...
# Subtest: P2-03 new research prospect never creates a company
ok 48 - P2-03 new research prospect never creates a company
  ---
  duration_ms: 8.230154
  type: 'test'
  ...
# Subtest: P2-04 evidenced need can indicate potential fit
ok 49 - P2-04 evidenced need can indicate potential fit
  ---
  duration_ms: 1.12841
  type: 'test'
  ...
# Subtest: P2-05 basic website does not prove weak business process
ok 50 - P2-05 basic website does not prove weak business process
  ---
  duration_ms: 1.440337
  type: 'test'
  ...
# Subtest: P2-06 working CRM is retained
ok 51 - P2-06 working CRM is retained
  ---
  duration_ms: 1.082728
  type: 'test'
  ...
# Subtest: P2-07 ambiguous sender held
ok 52 - P2-07 ambiguous sender held
  ---
  duration_ms: 2.158322
  type: 'test'
  ...
# Subtest: P2-08 known reply matches exact company
ok 53 - P2-08 known reply matches exact company
  ---
  duration_ms: 1.356239
  type: 'test'
  ...
# Subtest: P2-09 unknown sender never creates company
ok 54 - P2-09 unknown sender never creates company
  ---
  duration_ms: 1.464072
  type: 'test'
  ...
# Subtest: P2-10 security notice goes to review, not a customer ticket
ok 55 - P2-10 security notice goes to review, not a customer ticket
  ---
  duration_ms: 1.623963
  type: 'test'
  ...
# Subtest: P2-11 positive reply does not qualify
ok 56 - P2-11 positive reply does not qualify
  ---
  duration_ms: 6.793328
  type: 'test'
  ...
# Subtest: P2-12 personalized follow-up remains Draft
ok 57 - P2-12 personalized follow-up remains Draft
  ---
  duration_ms: 1.752728
  type: 'test'
  ...
# Subtest: P2-13 exact approval required before send
ok 58 - P2-13 exact approval required before send
  ---
  duration_ms: 41.776876
  type: 'test'
  ...
# Subtest: P2-14 cancelled send cannot execute
ok 59 - P2-14 cancelled send cannot execute
  ---
  duration_ms: 4.50388
  type: 'test'
  ...
# Subtest: P2-15 definite provider rejection reports failure
ok 60 - P2-15 definite provider rejection reports failure
  ---
  duration_ms: 5.604849
  type: 'test'
  ...
# Subtest: P2-16 timeout reconciles without resending
ok 61 - P2-16 timeout reconciles without resending
  ---
  duration_ms: 7.073562
  type: 'test'
  ...
# Subtest: P2-17 simultaneous and repeated send executes once
ok 62 - P2-17 simultaneous and repeated send executes once
  ---
  duration_ms: 6.649412
  type: 'test'
  ...
# Subtest: P2-18 WhatsApp only prepares text
ok 63 - P2-18 WhatsApp only prepares text
  ---
  duration_ms: 2.474721
  type: 'test'
  ...
# Subtest: P2-19 bilingual email uses commercial sender and retains review requirement
ok 64 - P2-19 bilingual email uses commercial sender and retains review requirement
  ---
  duration_ms: 3.188209
  type: 'test'
  ...
# Subtest: P2-20 translation failure cannot produce an approval-ready draft
ok 65 - P2-20 translation failure cannot produce an approval-ready draft
  ---
  duration_ms: 2.772493
  type: 'test'
  ...
# Subtest: P2-21 suppression blocks translation and WhatsApp does not call email translation
ok 66 - P2-21 suppression blocks translation and WhatsApp does not call email translation
  ---
  duration_ms: 2.130002
  type: 'test'
  ...
# Subtest: P3-01 enquiry success requires linked CRM receipts
ok 67 - P3-01 enquiry success requires linked CRM receipts
  ---
  duration_ms: 10.359823
  type: 'test'
  ...
# Subtest: P3-02 persisted enquiry with delayed transfer stays pending
ok 68 - P3-02 persisted enquiry with delayed transfer stays pending
  ---
  duration_ms: 0.723976
  type: 'test'
  ...
# Subtest: P3-03 failed transfer is visible
ok 69 - P3-03 failed transfer is visible
  ---
  duration_ms: 0.575012
  type: 'test'
  ...
# Subtest: P3-04 repeated transfer observation has no write side effects
ok 70 - P3-04 repeated transfer observation has no write side effects
  ---
  duration_ms: 2.816478
  type: 'test'
  ...
# Subtest: P3-05 stale ingestion warns
ok 71 - P3-05 stale ingestion warns
  ---
  duration_ms: 16.19733
  type: 'test'
  ...
# Subtest: P3-06 successful business job is healthy
ok 72 - P3-06 successful business job is healthy
  ---
  duration_ms: 1.140212
  type: 'test'
  ...
# Subtest: P3-07 job failure remains failed
ok 73 - P3-07 job failure remains failed
  ---
  duration_ms: 1.151406
  type: 'test'
  ...
# Subtest: P3-08 missing backup evidence stays unknown
ok 74 - P3-08 missing backup evidence stays unknown
  ---
  duration_ms: 1.05343
  type: 'test'
  ...
# Subtest: P3-09 scheduler success is not business health
ok 75 - P3-09 scheduler success is not business health
  ---
  duration_ms: 1.432142
  type: 'test'
  ...
# Subtest: P3-10 social concepts are Draft
ok 76 - P3-10 social concepts are Draft
  ---
  duration_ms: 173.177383
  type: 'test'
  ...
# Subtest: P3-11 final assets and logo required for approval readiness
ok 77 - P3-11 final assets and logo required for approval readiness
  ---
  duration_ms: 4.011281
  type: 'test'
  ...
# Subtest: P3-12 cancelled publication stays cancelled
ok 78 - P3-12 cancelled publication stays cancelled
  ---
  duration_ms: 1.504729
  type: 'test'
  ...
# Subtest: P3-13 Scheduled needs platform reference and time
ok 79 - P3-13 Scheduled needs platform reference and time
  ---
  duration_ms: 1.147333
  type: 'test'
  ...
# Subtest: P3-14 definite failure is Failed
ok 80 - P3-14 definite failure is Failed
  ---
  duration_ms: 0.86685
  type: 'test'
  ...
# Subtest: P3-15 uncertain publication needs review
ok 81 - P3-15 uncertain publication needs review
  ---
  duration_ms: 0.79813
  type: 'test'
  ...
# Subtest: P3-16 publication gateway prevents duplicate dispatch
ok 82 - P3-16 publication gateway prevents duplicate dispatch
  ---
  duration_ms: 31.712464
  type: 'test'
  ...
# Subtest: P3-17 story and reel use 1080 by 1920
ok 83 - P3-17 story and reel use 1080 by 1920
  ---
  duration_ms: 1.234673
  type: 'test'
  ...
# Subtest: P3-18 unverified landmark blocked
ok 84 - P3-18 unverified landmark blocked
  ---
  duration_ms: 0.19268
  type: 'test'
  ...
# Subtest: P3-19 unsupported factual claim blocked
ok 85 - P3-19 unsupported factual claim blocked
  ---
  duration_ms: 0.18794
  type: 'test'
  ...
# Subtest: P3-20 real estate agency positioning blocked
ok 86 - P3-20 real estate agency positioning blocked
  ---
  duration_ms: 0.205916
  type: 'test'
  ...
# Subtest: P4-01 daily brief with no issues
ok 87 - P4-01 daily brief with no issues
  ---
  duration_ms: 175.152283
  type: 'test'
  ...
# Subtest: P4-02 multiple issues preserved
ok 88 - P4-02 multiple issues preserved
  ---
  duration_ms: 5.22307
  type: 'test'
  ...
# Subtest: P4-03 repeated event deduplicated
ok 89 - P4-03 repeated event deduplicated
  ---
  duration_ms: 13.05366
  type: 'test'
  ...
# Subtest: P4-04 duplicate trigger executes handler once
ok 90 - P4-04 duplicate trigger executes handler once
  ---
  duration_ms: 6.033124
  type: 'test'
  ...
# Subtest: P4-05 downstream failure remains retryable with bound
ok 91 - P4-05 downstream failure remains retryable with bound
  ---
  duration_ms: 8.562151
  type: 'test'
  ...
# Subtest: P4-06 stale event is not executed
ok 92 - P4-06 stale event is not executed
  ---
  duration_ms: 14.706536
  type: 'test'
  ...
# Subtest: P4-07 deleted or changed record held
ok 93 - P4-07 deleted or changed record held
  ---
  duration_ms: 4.599682
  type: 'test'
  ...
# Subtest: P4-08 notifications deduplicate
ok 94 - P4-08 notifications deduplicate
  ---
  duration_ms: 4.036443
  type: 'test'
  ...
# Subtest: P4-09 automation cannot replace send approval
ok 95 - P4-09 automation cannot replace send approval
  ---
  duration_ms: 12.070403
  type: 'test'
  ...
# Subtest: P4-10 rejected approval cannot execute
ok 96 - P4-10 rejected approval cannot execute
  ---
  duration_ms: 6.94751
  type: 'test'
  ...
# Subtest: P4-11 expired or mismatched approval rejected
ok 97 - P4-11 expired or mismatched approval rejected
  ---
  duration_ms: 4.458038
  type: 'test'
  ...
# Subtest: P4-12 retry temporary read failure succeeds
ok 98 - P4-12 retry temporary read failure succeeds
  ---
  duration_ms: 7.26085
  type: 'test'
  ...
# Subtest: P4-13 provider unavailable stops after three attempts
ok 99 - P4-13 provider unavailable stops after three attempts
  ---
  duration_ms: 6.57837
  type: 'test'
  ...
# Subtest: P4-14 one specialist may fail without losing others
ok 100 - P4-14 one specialist may fail without losing others
  ---
  duration_ms: 3.262182
  type: 'test'
  ...
# Subtest: P4-15 Manager marks partial success
ok 101 - P4-15 Manager marks partial success
  ---
  duration_ms: 4.899583
  type: 'test'
  ...
# Subtest: P4-16 job audit exists without credentials or bodies
ok 102 - P4-16 job audit exists without credentials or bodies
  ---
  duration_ms: 5.737775
  type: 'test'
  ...
# Subtest: P4-17 no send or publish event permitted
ok 103 - P4-17 no send or publish event permitted
  ---
  duration_ms: 1.537022
  type: 'test'
  ...
# Subtest: PRE-01 standalone bundle compiles and denies network access
ok 104 - PRE-01 standalone bundle compiles and denies network access
  ---
  duration_ms: 15.132286
  type: 'test'
  ...
# Subtest: PRE-02 approval required, exact decision and replay cannot duplicate update
ok 105 - PRE-02 approval required, exact decision and replay cannot duplicate update
  ---
  duration_ms: 35.411619
  type: 'test'
  ...
# Subtest: PRE-03 rejected action cannot execute
ok 106 - PRE-03 rejected action cannot execute
  ---
  duration_ms: 4.54067
  type: 'test'
  ...
# Subtest: PRE-04 concurrent change blocks stale approval
ok 107 - PRE-04 concurrent change blocks stale approval
  ---
  duration_ms: 11.618518
  type: 'test'
  ...
# Subtest: PRE-05 external operations unavailable and reset has no previous state
ok 108 - PRE-05 external operations unavailable and reset has no previous state
  ---
  duration_ms: 1.675289
  type: 'test'
  ...
# Subtest: SEC-01 repeated proposal has same durable action ID
ok 109 - SEC-01 repeated proposal has same durable action ID
  ---
  duration_ms: 23.220975
  type: 'test'
  ...
# Subtest: SEC-02 tenant cannot approve another tenant action
ok 110 - SEC-02 tenant cannot approve another tenant action
  ---
  duration_ms: 4.033264
  type: 'test'
  ...
# Subtest: SEC-03 tampering invalidates approved payload
ok 111 - SEC-03 tampering invalidates approved payload
  ---
  duration_ms: 4.71728
  type: 'test'
  ...
# Subtest: SEC-04 data instructions remain outside system prompt
ok 112 - SEC-04 data instructions remain outside system prompt
  ---
  duration_ms: 1.229408
  type: 'test'
  ...
# Subtest: SEC-05 audit omits private message body
ok 113 - SEC-05 audit omits private message body
  ---
  duration_ms: 9.167966
  type: 'test'
  ...
# Subtest: SEC-06 Manager email drafting cannot execute a send
ok 114 - SEC-06 Manager email drafting cannot execute a send
  ---
  duration_ms: 10.726364
  type: 'test'
  ...
# Subtest: UI-01 account data is escaped in rendered dossier
ok 115 - UI-01 account data is escaped in rendered dossier
  ---
  duration_ms: 18.066097
  type: 'test'
  ...
# Subtest: UI-02 attention works with AI provider disabled
ok 116 - UI-02 attention works with AI provider disabled
  ---
  duration_ms: 151.912909
  type: 'test'
  ...
# Subtest: UI-03 unknown request falls back to existing assistant
ok 117 - UI-03 unknown request falls back to existing assistant
  ---
  duration_ms: 2.351056
  type: 'test'
  ...
# Subtest: UI-04 independent specialist error shown alongside success
ok 118 - UI-04 independent specialist error shown alongside success
  ---
  duration_ms: 1.104904
  type: 'test'
  ...
# Subtest: UI-05 legacy ambiguous update rejected before save
ok 119 - UI-05 legacy ambiguous update rejected before save
  ---
  duration_ms: 25.219958
  type: 'test'
  ...
# Subtest: UI-06 unavailable gateway blocks all assistant writes
ok 120 - UI-06 unavailable gateway blocks all assistant writes
  ---
  duration_ms: 6.899058
  type: 'test'
  ...
# Subtest: UI-07 create cannot fall back to legacy saveRecord
ok 121 - UI-07 create cannot fall back to legacy saveRecord
  ---
  duration_ms: 5.969465
  type: 'test'
  ...
# Subtest: UI-08 assistant delegates to shared approval controls without a direct write
ok 122 - UI-08 assistant delegates to shared approval controls without a direct write
  ---
  duration_ms: 7.244923
  type: 'test'
  ...
# Subtest: UI-09 companies without next action query is scoped to companies
ok 123 - UI-09 companies without next action query is scoped to companies
  ---
  duration_ms: 4.458311
  type: 'test'
  ...
# Subtest: UI-10 linked contacts remain visible without activity details
ok 124 - UI-10 linked contacts remain visible without activity details
  ---
  duration_ms: 2.09231
  type: 'test'
  ...
# Subtest: embedded Kiti form preserves phone, proof, qualification and routing in one request
ok 125 - embedded Kiti form preserves phone, proof, qualification and routing in one request
  ---
  duration_ms: 16.55808
  type: 'test'
  ...
# Subtest: legacy separate experience field is still included if supplied
ok 126 - legacy separate experience field is still included if supplied
  ---
  duration_ms: 4.135557
  type: 'test'
  ...
# Subtest: recorded enquiry without confirmed email does not claim email was sent
ok 127 - recorded enquiry without confirmed email does not claim email was sent
  ---
  duration_ms: 5.521531
  type: 'test'
  ...
# Subtest: unreadable or unconfirmed responses retain form values and show processing
ok 128 - unreadable or unconfirmed responses retain form values and show processing
  ---
  duration_ms: 12.566113
  type: 'test'
  ...
# Subtest: spam, duplicate, rate limit, offline and HTTP failures never show success
ok 129 - spam, duplicate, rate limit, offline and HTTP failures never show success
  ---
  duration_ms: 36.65427
  type: 'test'
  ...
# Subtest: contact routes preserve backend category and include the visible service in the message
ok 130 - contact routes preserve backend category and include the visible service in the message
  ---
  duration_ms: 32.651318
  type: 'test'
  ...
1..130
# tests 130
# suites 0
# pass 130
# fail 0
# cancelled 0
# skipped 0
# todo 0
# duration_ms 2322.600056
